../Core/Src/main.c:150:6:HAL_UART_TxCpltCallback	16	static
../Core/Src/main.c:158:6:HAL_UART_RxCpltCallback	16	static
../Core/Src/main.c:181:6:generaceStringuStoZnaku	96	static
../Core/Src/main.c:195:6:spustTest	48	static
../Core/Src/main.c:251:6:updateLed	24	static
../Core/Src/main.c:287:6:handleButton	24	static
../Core/Src/main.c:377:6:sendUartMessage	16	static
../Core/Src/main.c:383:6:startUartRxInterrupt	8	static
../Core/Src/main.c:389:6:processCommand	40	static
../Core/Src/main.c:480:5:main	40	static
../Core/Src/main.c:609:6:SystemClock_Config	96	static
../Core/Src/main.c:652:13:MX_LPUART1_UART_Init	8	static
../Core/Src/main.c:698:13:MX_DMA_Init	16	static
../Core/Src/main.c:720:13:MX_GPIO_Init	40	static
../Core/Src/main.c:756:6:Error_Handler	4	static,ignoring_inline_asm
