../Core/Src/main.c:149:6:HAL_UART_TxCpltCallback	16	static
../Core/Src/main.c:157:6:HAL_UART_RxCpltCallback	16	static
../Core/Src/main.c:180:6:generaceStringuStoZnaku	96	static
../Core/Src/main.c:194:6:spustTest	48	static
../Core/Src/main.c:250:6:updateLed	24	static
../Core/Src/main.c:286:6:handleButton	24	static
../Core/Src/main.c:376:6:sendUartMessage	16	static
../Core/Src/main.c:382:6:startUartRxInterrupt	8	static
../Core/Src/main.c:388:6:processCommand	40	static
../Core/Src/main.c:478:5:main	40	static
../Core/Src/main.c:603:6:SystemClock_Config	96	static
../Core/Src/main.c:646:13:MX_LPUART1_UART_Init	8	static
../Core/Src/main.c:692:13:MX_DMA_Init	16	static
../Core/Src/main.c:714:13:MX_GPIO_Init	40	static
../Core/Src/main.c:750:6:Error_Handler	4	static,ignoring_inline_asm
